npm warn Unknown env config "http-proxy". This will stop working in the next major version of npm.

> ecommerce-cupons@1.0.0 build
> npm run build -w apps/api && npm run build -w apps/web

npm warn Unknown env config "http-proxy". This will stop working in the next major version of npm.

> @ecommerce/api@1.0.0 build
> nest build

npm warn Unknown env config "http-proxy". This will stop working in the next major version of npm.

> @ecommerce/web@1.0.0 build
> next build

   ▲ Next.js 15.5.27

   Creating an optimized production build ...
 ✓ Compiled successfully in 1579ms
   Linting and checking validity of types ...
   Collecting page data ...
   Generating static pages (0/6) ...
   Generating static pages (1/6) 
   Generating static pages (2/6) 
   Generating static pages (4/6) 
 ✓ Generating static pages (6/6)
   Finalizing page optimization ...
   Collecting build traces ...

Route (app)                                 Size  First Load JS
┌ ○ /                                      161 B         106 kB
├ ○ /_not-found                            988 B         104 kB
├ ○ /cart                                2.88 kB         109 kB
├ ○ /products                            2.41 kB         108 kB
└ ƒ /products/[slug]                     2.58 kB         109 kB
+ First Load JS shared by all             103 kB
  ├ chunks/18-25b11e3a132b87ef.js        46.5 kB
  ├ chunks/87c73c54-24122e7b92478d00.js  54.2 kB
  └ other shared chunks (total)          1.92 kB


○  (Static)   prerendered as static content
ƒ  (Dynamic)  server-rendered on demand

exit=0
