npm warn Unknown env config "http-proxy". This will stop working in the next major version of npm.

> ecommerce-cupons@1.0.0 test
> npm run test -w apps/api --runInBand

npm warn Unknown cli config "--runInBand". This will stop working in the next major version of npm.
npm warn Unknown env config "http-proxy". This will stop working in the next major version of npm.

> @ecommerce/api@1.0.0 test
> jest --runInBand

PASS src/domain/coupons/coupon-evaluator.spec.ts
  CouponEvaluator
    ✓ global boundary 9999 (2 ms)
    ✓ global boundary 10000
    ✓ global boundary 10001
    ✓ specific boundary 19999
    ✓ specific boundary 20000
    ✓ specific boundary 20001
    ✓ excludes products and discounts only eligible subtotal (1 ms)
    ✓ supports inclusion and exclusion precedence
    ✓ returns no eligible items (1 ms)
    ✓ expired
    ✓ inactive (1 ms)
    ✓ not started
    ✓ rounds once in cents
    ✓ never produces negative totals
    ✓ handles empty cart and no coupon
    ✓ uses fixed clock boundaries in UTC (1 ms)
    ✓ covers acceptance scenarios A-H (1 ms)
    ✓ covers standalone product eligibility partitions

Test Suites: 1 passed, 1 total
Tests:       18 passed, 18 total
Snapshots:   0 total
Time:        2.163 s, estimated 3 s
Ran all test suites.

EXIT_CODE=0
