npm warn Unknown env config "http-proxy". This will stop working in the next major version of npm.
FAIL src/domain/coupons/coupon-evaluator.spec.ts
  CouponEvaluator
    ✓ global boundary 9999 (2 ms)
    ✕ global boundary 10000 (2 ms)
    ✓ global boundary 10001
    ○ skipped specific boundary 19999
    ○ skipped specific boundary 20000
    ○ skipped specific boundary 20001
    ○ skipped excludes products and discounts only eligible subtotal
    ○ skipped supports inclusion and exclusion precedence
    ○ skipped returns no eligible items
    ○ skipped expired
    ○ skipped inactive
    ○ skipped not started
    ○ skipped rounds once in cents
    ○ skipped never produces negative totals
    ○ skipped handles empty cart and no coupon
    ○ skipped uses fixed clock boundaries in UTC
    ○ skipped covers acceptance scenarios A-H
    ○ skipped covers standalone product eligibility partitions

  ● CouponEvaluator › global boundary 10000

    expect(received).toBe(expected) // Object.is equality

    Expected: "APPLIED"
    Received: "CART_MINIMUM_NOT_MET"

       9 |   test.each([[9999,'CART_MINIMUM_NOT_MET'],[10000,'APPLIED'],[10001,'APPLIED']] as const)('global boundary %i', (subtotal,status) => {
      10 |     const result = evalr.evaluate([{product:product('p','p',subtotal),quantity:1}],validCoupon(),now);
    > 11 |     expect(result.couponStatus).toBe(status);
         |                                 ^
      12 |   });
      13 |   test.each([[19999,'COUPON_MINIMUM_NOT_MET'],[20000,'APPLIED'],[20001,'APPLIED']] as const)('specific boundary %i', (subtotal,status) => {
      14 |     const result = evalr.evaluate([{product:product('p','p',subtotal),quantity:1}],validCoupon({minimumSubtotalCents:20000}),now);

      at src/domain/coupons/coupon-evaluator.spec.ts:11:33

Test Suites: 1 failed, 1 total
Tests:       1 failed, 15 skipped, 2 passed, 18 total
Snapshots:   0 total
Time:        2.527 s, estimated 3 s
Ran all test suites with tests matching "global boundary".

COMMAND=npx jest --runInBand -t "global boundary"
EXIT_CODE=1
