npm warn Unknown env config "http-proxy". This will stop working in the next major version of npm.
PASS src/domain/coupons/coupon-evaluator.spec.ts
  CouponEvaluator
    ✓ excludes products and discounts only eligible subtotal (2 ms)
    ✓ returns no eligible items
    ○ skipped global boundary 9999
    ○ skipped global boundary 10000
    ○ skipped global boundary 10001
    ○ skipped specific boundary 19999
    ○ skipped specific boundary 20000
    ○ skipped specific boundary 20001
    ○ skipped supports inclusion and exclusion precedence
    ○ skipped expired
    ○ skipped inactive
    ○ skipped not started
    ○ skipped rounds once in cents
    ○ skipped never produces negative totals
    ○ skipped handles empty cart and no coupon
    ○ skipped uses fixed clock boundaries in UTC
    ○ skipped covers acceptance scenarios A-H
    ○ skipped covers standalone product eligibility partitions

Test Suites: 1 passed, 1 total
Tests:       16 skipped, 2 passed, 18 total
Snapshots:   0 total
Time:        2.323 s, estimated 3 s
Ran all test suites with tests matching "excludes products|returns no eligible".

COMMAND=npx jest --runInBand -t "excludes products|returns no eligible"
EXIT_CODE=0
